../Drivers/CMSIS/Include/core_cm4.h:2064:26:ITM_SendChar	16	static,ignoring_inline_asm
../Core/Src/main.c:110:6:send_at_command	16	static
../Core/Src/main.c:114:6:send_imu_data	192	static
../Core/Src/main.c:124:6:HAL_GPIO_EXTI_Callback	16	static
../Core/Src/main.c:130:6:HAL_UART_RxCpltCallback	72	static
../Core/Src/main.c:173:6:HAL_TIM_IC_CaptureCallback	16	static
../Core/Src/main.c:184:5:main	688	static
../Core/Src/main.c:429:6:SystemClock_Config	88	static
../Core/Src/main.c:476:13:MX_I2C2_Init	8	static
../Core/Src/main.c:510:13:MX_I2C3_Init	8	static
../Core/Src/main.c:544:13:MX_SPI1_Init	8	static
../Core/Src/main.c:582:13:MX_TIM1_Init	32	static
../Core/Src/main.c:628:13:MX_TIM2_Init	56	static
../Core/Src/main.c:677:13:MX_TIM3_Init	56	static
../Core/Src/main.c:726:13:MX_TIM4_Init	64	static
../Core/Src/main.c:797:13:MX_USART6_UART_Init	8	static
../Core/Src/main.c:830:13:MX_GPIO_Init	40	static
../Core/Src/main.c:885:6:HAL_TIM_PeriodElapsedCallback	16	static
../Core/Src/main.c:892:5:_write	32	static
../Core/Src/main.c:908:6:Error_Handler	4	static,ignoring_inline_asm
