../Core/Src/motor_driver.c:55:6:Motor_Init	8	static
../Core/Src/motor_driver.c:79:6:Encoder_Init	8	static
../Core/Src/motor_driver.c:94:6:Encoder_Reset	8	static
../Core/Src/motor_driver.c:114:6:Encoder_Update	32	static
../Core/Src/motor_driver.c:149:15:Encoder_GetData	24	static
../Core/Src/motor_driver.c:159:9:Encoder_GetLeftCount	4	static
../Core/Src/motor_driver.c:169:9:Encoder_GetRightCount	4	static
../Core/Src/motor_driver.c:179:7:Encoder_GetLeftSpeed	4	static
../Core/Src/motor_driver.c:189:7:Encoder_GetRightSpeed	4	static
../Core/Src/motor_driver.c:199:17:Motor_SpeedToPWMDiff	24	static
../Core/Src/motor_driver.c:219:13:Motor_SetPWM	32	static
../Core/Src/motor_driver.c:264:6:Motor_SetSpeed	16	static
../Core/Src/motor_driver.c:283:6:Motor_SetSpeeds	16	static
../Core/Src/motor_driver.c:294:6:Motor_Stop	8	static
../Core/Src/motor_driver.c:304:6:Motor_Forward	16	static
../Core/Src/motor_driver.c:315:6:Motor_Backward	16	static
../Core/Src/motor_driver.c:326:6:Motor_TurnLeft	16	static
../Core/Src/motor_driver.c:337:6:Motor_TurnRight	16	static
../Core/Src/motor_driver.c:348:6:Motor_Brake	4	static
../Core/Src/motor_driver.c:366:15:Motor_GetSpeeds	16	static
../Core/Src/motor_driver.c:377:6:Motor_SetSpeedWithFeedback	32	static
../Core/Src/motor_driver.c:410:6:Motor_SetSpeedsWithFeedback	16	static
