../Core/Src/motor_driver.c:55:6:Motor_Init	8	static
../Core/Src/motor_driver.c:77:6:Encoder_Init	8	static
../Core/Src/motor_driver.c:92:6:Encoder_Reset	8	static
../Core/Src/motor_driver.c:112:6:Encoder_Update	32	static
../Core/Src/motor_driver.c:146:15:Encoder_GetData	24	static
../Core/Src/motor_driver.c:156:9:Encoder_GetLeftCount	4	static
../Core/Src/motor_driver.c:166:9:Encoder_GetRightCount	4	static
../Core/Src/motor_driver.c:176:7:Encoder_GetLeftSpeed	4	static
../Core/Src/motor_driver.c:186:7:Encoder_GetRightSpeed	4	static
../Core/Src/motor_driver.c:196:17:Motor_SpeedToPWM	24	static
../Core/Src/motor_driver.c:221:13:Motor_SetDirection	16	static
../Core/Src/motor_driver.c:274:6:Motor_SetSpeed	24	static
../Core/Src/motor_driver.c:316:6:Motor_SetSpeeds	16	static
../Core/Src/motor_driver.c:327:6:Motor_Stop	8	static
../Core/Src/motor_driver.c:337:6:Motor_Forward	16	static
../Core/Src/motor_driver.c:348:6:Motor_Backward	16	static
../Core/Src/motor_driver.c:359:6:Motor_TurnLeft	16	static
../Core/Src/motor_driver.c:370:6:Motor_TurnRight	16	static
../Core/Src/motor_driver.c:381:6:Motor_Brake	8	static
../Core/Src/motor_driver.c:401:15:Motor_GetSpeeds	16	static
../Core/Src/motor_driver.c:412:6:Motor_SetSpeedWithFeedback	32	static
../Core/Src/motor_driver.c:445:6:Motor_SetSpeedsWithFeedback	16	static
