../Core/Src/mpu6500.c:44:9:MPU6500_TestConnection	16	static
../Core/Src/mpu6500.c:58:6:DMP_Init_SPI	16	static
../Core/Src/mpu6500.c:107:6:Read_DMP_SPI	72	static
../Core/Src/mpu6500.c:189:6:MPU6500_Init	8	static
../Core/Src/mpu6500.c:230:6:MPU6500_OffsetCall	16	static
../Core/Src/mpu6500.c:267:6:MPU6500_WriteReg	16	static
../Core/Src/mpu6500.c:282:6:MPU6500_ReadReg	24	static
../Core/Src/mpu6500.c:296:6:MPU6500_ReadData	72	static
../Core/Src/mpu6500.c:375:6:MPU6500_InitStructures	4	static
../Core/Src/mpu6500.c:422:6:MPU6500_UpdateData	8	static
../Core/Src/mpu6500.c:433:8:MPU6500_GetIMUData	4	static
../Core/Src/mpu6500.c:443:13:MPU6500_GetMPUData	4	static
../Core/Src/mpu6500.c:453:10:MPU6500_GetBuffer	4	static
