../Core/Src/pid_balance.c:43:6:PD_Balance_Init	8	static
../Core/Src/pid_balance.c:55:5:PD_Balance_Calculate	32	static
../Core/Src/pid_balance.c:73:6:PD_Balance_SetParams	16	static
../Core/Src/pid_balance.c:86:6:PD_Balance_GetParams	16	static
../Core/Src/pid_balance.c:97:6:PD_Balance_PrintParams	128	static
../Core/Src/pid_balance.c:110:9:PD_Balance_IsDangerous	16	static
../Core/Src/pid_balance.c:123:6:PD_Balance_AdjustKp	16	static
../Core/Src/pid_balance.c:140:6:PD_Balance_AdjustKd	16	static
../Core/Src/pid_balance.c:157:6:PD_Balance_ProcessCommand	16	static
../Core/Src/pid_balance.c:187:12:PWM_Limit	24	static
