../Core/Src/pid_turn.c:46:6:PD_Turn_Init	8	static
../Core/Src/pid_turn.c:59:9:PD_Turn_Calculate	32	static
../Core/Src/pid_turn.c:92:6:PD_Turn_SetParams	16	static
../Core/Src/pid_turn.c:105:6:PD_Turn_GetParams	16	static
../Core/Src/pid_turn.c:116:6:PD_Turn_PrintParams	144	static
../Core/Src/pid_turn.c:129:6:PD_Turn_AdjustKp	16	static
../Core/Src/pid_turn.c:146:6:PD_Turn_AdjustKd	16	static
../Core/Src/pid_turn.c:163:6:PD_Turn_SetTargetAngle	16	static
../Core/Src/pid_turn.c:173:7:PD_Turn_GetTargetAngle	4	static
../Core/Src/pid_turn.c:183:6:PD_Turn_SetAmplitude	16	static
../Core/Src/pid_turn.c:194:7:PD_Turn_GetAmplitude	4	static
../Core/Src/pid_turn.c:206:16:Turn_Limit	16	static
../Core/Src/pid_turn.c:218:6:PD_Turn_ProcessCommand	16	static
