../Core/Src/pid_speed.c:46:6:PI_Speed_Init	8	static
../Core/Src/pid_speed.c:58:9:PI_Speed_Calculate	40	static
../Core/Src/pid_speed.c:101:6:PI_Speed_SetParams	16	static
../Core/Src/pid_speed.c:114:6:PI_Speed_GetParams	16	static
../Core/Src/pid_speed.c:125:6:PI_Speed_PrintParams	144	static
../Core/Src/pid_speed.c:138:6:PI_Speed_ResetIntegral	4	static
../Core/Src/pid_speed.c:149:6:PI_Speed_AdjustKp	16	static
../Core/Src/pid_speed.c:166:6:PI_Speed_AdjustKi	16	static
../Core/Src/pid_speed.c:183:6:PI_Speed_ProcessCommand	16	static
../Core/Src/pid_speed.c:211:7:PI_Speed_GetTargetSpeed	4	static
../Core/Src/pid_speed.c:221:6:PI_Speed_SetTargetSpeed	16	static
../Core/Src/pid_speed.c:234:16:Speed_Limit	16	static
